[POST /parse] Response:
"{\n  \"openapi\": \"3.0.0\",\n  \"info\": {\n    \"title\": \"Validation API\",\n    \"version\": \"1.0.0\"\n  },\n  \"paths\": {\n    \"/validate-email\": {\n      \"post\": {\n        \"summary\": \"Validate email\",\n        \"description\": \"Checks email format\",\n        \"requestBody\": {\n          \"required\": true,\n          \"content\": {\n            \"application/json\": {\n              \"schema\": {\n                \"type\": \"object\",\n                \"properties\": {\n                  \"email\": { \"type\": \"string\" }\n                },\n                \"required\": [\"email\"]\n              }\n            }\n          }\n        },\n        \"responses\": {\n          \"200\": {\n            \"description\": \"Validation result\"\n          }\n        }\n      }\n    }\n  },\n  \"x-ambiguities\": []\n}"

[Response sent]: 
{"spec":"{\n  \"openapi\": \"3.0.0\",\n  \"info\": {\n    \"title\": \"Validation API\",\n    \"version\": \"1.0.0\"\n  },\n  \"paths\": {\n    \"/validate-email\": {\n      \"post\": {\n        \"summary\": \"Validate email\",\n        \"description\": \"Checks email format\",\n        \"requestBody\": {\n          \"required\": true,\n          \"content\": {\n            \"application/json\": {\n              \"schema\": {\n                \"type\": \"object\",\n                \"properties\": {\n                  \"email\": { \"type\": \"string\" }\n                },\n                \"required\": [\"email\"]\n              }\n            }\n          }\n        },\n        \"responses\": {\n          \"200\": {\n            \"description\": \"Validation result\"\n          }\n        }\n      }\n    }\n  },\n  \"x-ambiguities\": []\n}"}